I'm sorry, but errors were detected in your script. Please correct the
errors listed below, and try again.


File "game/script.rpy", line 43: unterminated string literal
    s "Yes! I will go dress up warm and go to Macdonalds for breakfast!""

Ren'Py Version: Ren'Py 8.4.1.25072401
Sat Dec 13 19:32:05 2025
